"PERSID","AGE","SEX","Count"
"Y12H0000101P03",11,"F",100.23
"Y12H0000101P04",6,"F",99.02
"Y12H0000111P04",15,"F",102.28
"Y12H0000126P04",11,"F",102.26
"Y12H0000224P04",8,"F",135.81
"Y12H0000231P03",14,"F",137.48
"Y12H0000232P03",5,"F",136.5
"Y12H0000233P03",13,"F",138.13
"Y12H0000312P04",16,"F",76.19
"Y12H0000312P05",14,"F",76.19
"Y12H0000317P02",13,"F",75.83
"Y12H0000326P04",15,"F",87.43
"Y12H0000401P03",3,"F",101.47
"Y12H0000417P04",3,"F",103.03
"Y12H0000423P02",8,"F",173.93
"Y12H0001002P03",11,"F",99.96
"Y12H0001002P04",8,"F",98.75
"Y12H0001037P03",12,"F",99.96
"Y12H0001037P04",10,"F",99.96
"Y12H0001039P03",10,"F",101.36
"Y12H0010202P05",4,"F",105.18
"Y12H0010217P05",0,"F",106.12
"Y12H0010226P04",8,"F",104.25
"Y12H0010232P04",10,"F",105.55
"Y12H0010401P03",16,"F",202.36
"Y12H0010402P02",16,"F",203.65
"Y12H0010424P03",8,"F",136.07
"Y12H0010437P03",6,"F",134.87
"Y12H0010437P04",4,"F",134.87
"Y12H0010437P05",2,"F",134.87
"Y12H0010501P03",0,"F",118.02
"Y12H0020112P02",17,"F",106.15
"Y12H0020133P03",18,"F",130.59
"Y12H0020133P06",14,"F",130.59
"Y12H0020137P03",2,"F",127.26
"Y12H0020138P03",13,"F",129.97
"Y12H0020138P04",13,"F",129.97
"Y12H0020202P02",15,"F",93.61
"Y12H0020203P03",18,"F",94.44
"Y12H0020208P04",15,"F",93.02
"Y12H0020212P03",19,"F",94.89
"Y12H0020212P04",18,"F",94.89
"Y12H0020215P04",17,"F",93.02
"Y12H0020225P03",11,"F",67.9
"Y12H0020229P02",19,"F",66.54
"Y12H0020230P04",12,"F",66.96
"Y12H0020238P03",7,"F",66.74
"Y12H0020303P02",19,"F",117.41
"Y12H0020308P02",14,"F",115.63
"Y12H0020309P03",1,"F",114.96
"Y12H0020331P04",18,"F",117.41
"Y12H0020331P05",16,"F",117.41
"Y12H0020331P06",16,"F",117.41
"Y12H0020338P04",7,"F",115.99
"Y12H0030119P03",19,"F",96.34
"Y12H0030119P04",8,"F",95.17
"Y12H0030119P05",5,"F",95.17
"Y12H0030124P03",8,"F",84.81
"Y12H0030124P04",6,"F",84.81
"Y12H0030202P04",19,"F",119.14
"Y12H0030212P03",2,"F",119.31
"Y12H0030212P04",0,"F",119.31
"Y12H0030217P03",17,"F",120.2
"Y12H0030219P03",3,"F",119.31
"Y12H0030229P04",11,"F",81.89
"Y12H0030238P03",1,"F",82.14
"Y12H0030301P03",1,"F",112.7
"Y12H0030304P03",4,"F",115
"Y12H0030310P02",2,"F",114.43
"Y12H0030317P03",0,"F",114.43
"Y12H0030318P03",8,"F",115
"Y12H0030401P02",3,"F",92.23
"Y12H0030411P02",4,"F",94.12
"Y12H0030419P04",3,"F",94.09
"Y12H0030419P05",1,"F",94.09
"Y12H0040123P03",0,"F",102.27
"Y12H0040131P03",0,"F",103.18
"Y12H0040132P03",8,"F",103.7
"Y12H0040138P03",3,"F",103.18
"Y12H0040138P04",1,"F",103.18
"Y12H0040205P03",1,"F",119.22
"Y12H0040208P04",4,"F",116.86
"Y12H0040211P03",6,"F",119.25
"Y12H0040223P05",2,"F",117.6
"Y12H0040226P03",9,"F",119.22
"Y12H0040226P04",6,"F",119.22
"Y12H0040239P04",0,"F",119.25
"Y12H0040310P03",5,"F",96.04
"Y12H0040310P04",2,"F",96.04
"Y12H0040339P03",10,"F",97.7
"Y12H0040505P03",16,"F",72.56
"Y12H0040505P04",13,"F",72.56
"Y12H0040510P04",19,"F",72.22
"Y12H0040518P04",16,"F",72.58
"Y12H0040522P03",16,"F",71.12
"Y12H0040522P04",11,"F",71.12
"Y12H0040525P04",5,"F",71.7
"Y12H0040525P05",3,"F",71.7
"Y12H0040530P03",2,"F",70.71
"Y12H0040530P04",0,"F",70.71
"Y12H0040531P03",19,"F",72.22
"Y12H0040531P04",17,"F",72.22
"Y12H0000103P03",16,"M",105.1
"Y12H0000103P04",13,"M",105.1
"Y12H0000111P03",16,"M",105.63
"Y12H0000126P03",9,"M",104.32
"Y12H0000224P03",12,"M",141.97
"Y12H0000224P05",5,"M",140.25
"Y12H0000231P04",11,"M",141.97
"Y12H0000232P04",3,"M",140.96
"Y12H0000303P03",8,"M",77.36
"Y12H0000310P03",18,"M",78.31
"Y12H0000317P03",9,"M",77.36
"Y12H0000417P03",6,"M",106.4
"Y12H0001015P04",18,"M",102.57
"Y12H0001031P03",1,"M",102.89
"Y12H0001032P04",12,"M",104.67
"Y12H0001033P04",19,"M",104.64
"Y12H0001037P05",8,"M",101.98
"Y12H0001039P04",11,"M",104.67
"Y12H0010202P04",7,"M",108.62
"Y12H0010212P03",9,"M",110.11
"Y12H0010212P04",7,"M",110.11
"Y12H0010217P03",11,"M",110.93
"Y12H0010217P04",8,"M",109.59
"Y12H0010226P03",10,"M",108.97
"Y12H0010232P03",14,"M",109
"Y12H0010422P03",3,"M",138.39
"Y12H0010424P04",6,"M",140.52
"Y12H0010508P04",15,"M",123.38
"Y12H0020126P03",2,"M",133.22
"Y12H0020126P04",0,"M",133.22
"Y12H0020133P05",16,"M",134.86
"Y12H0020203P04",15,"M",97.53
"Y12H0020208P03",17,"M",96.06
"Y12H0020208P05",11,"M",96.06
"Y12H0020215P03",19,"M",96.06
"Y12H0020216P03",9,"M",95.5
"Y12H0020216P04",5,"M",95.5
"Y12H0020216P05",8,"M",95.5
"Y12H0020225P04",7,"M",69.27
"Y12H0020230P03",14,"M",69.15
"Y12H0020238P02",13,"M",69.77
"Y12H0020239P03",8,"M",69.27
"Y12H0020239P04",6,"M",69.27
"Y12H0020338P03",10,"M",121.24
"Y12H0021003P03",4,"M",205.78
"Y12H0030105P03",11,"M",99.49
"Y12H0030105P04",9,"M",98.28
"Y12H0030105P05",3,"M",98.28
"Y12H0030112P04",13,"M",99.49
"Y12H0030112P05",11,"M",99.49
"Y12H0030217P04",11,"M",124.13
"Y12H0030218P03",19,"M",124.76
"Y12H0030219P04",1,"M",123.21
"Y12H0030229P03",17,"M",84.57
"Y12H0030304P04",0,"M",118.76
"Y12H0030324P03",4,"M",118.17
"Y12H0030324P04",0,"M",118.17
"Y12H0030405P03",1,"M",97.16
"Y12H0030405P04",0,"M",97.16
"Y12H0030424P03",4,"M",70.92
"Y12H0040125P03",18,"M",108.4
"Y12H0040125P04",15,"M",108.4
"Y12H0040126P02",12,"M",108.37
"Y12H0040132P04",8,"M",107.09
"Y12H0040208P03",7,"M",120.68
"Y12H0040209P04",1,"M",121.45
"Y12H0040211P04",5,"M",123.15
"Y12H0040224P03",9,"M",122.53
"Y12H0040224P04",6,"M",122.53
"Y12H0040238P03",4,"M",122.53
"Y12H0040238P04",2,"M",122.53
"Y12H0040332P03",18,"M",100.89
"Y12H0040332P04",15,"M",100.89
"Y12H0040336P03",1,"M",97.67
"Y12H0040339P02",12,"M",100.89
"Y12H0040518P03",18,"M",74.95
"Y12H0040525P03",10,"M",74.95
